2.239214
2.089798
4.179697
0.805899
2.409922
3.862988
